Enter the time
Alerm set for entered time
sleep: invalid option -- '5'
Try 'sleep --help' for more information.
Hey, Its Time
-ne 
-ne 
-ne 
-ne 
-ne 
-ne 
-ne 
-ne 
-ne 
-ne 
-ne 
-ne 
-ne 
-ne 
-ne 
-ne 
-ne 
-ne 
-ne 
-ne 
-ne 
-ne 
-ne 
-ne 
-ne 
-ne 
-ne 
-ne 
-ne 
-ne 
-ne 
-ne 
-ne 
-ne 
-ne 
-ne 
-ne 
-ne 
-ne 
